/usr/local/lib/BugpointPasses.so
/usr/local/lib/libclang.a
/usr/local/lib/libclangAnalysis.a
/usr/local/lib/libclangARCMigrate.a
/usr/local/lib/libclangAST.a
/usr/local/lib/libclangBasic.a
/usr/local/lib/libclangCodeGen.a
/usr/local/lib/libclangDriver.a
/usr/local/lib/libclangEdit.a
/usr/local/lib/libclangFrontend.a
/usr/local/lib/libclangFrontendTool.a
/usr/local/lib/libclangIndex.a
/usr/local/lib/libclangLex.a
/usr/local/lib/libclangParse.a
/usr/local/lib/libclangRewrite.a
/usr/local/lib/libclangSema.a
/usr/local/lib/libclangSerialization.a
/usr/local/lib/libclang.so
/usr/local/lib/libclangStaticAnalyzerCheckers.a
/usr/local/lib/libclangStaticAnalyzerCore.a
/usr/local/lib/libclangStaticAnalyzerFrontend.a
/usr/local/lib/liblldbAPI.a
/usr/local/lib/liblldbBreakpoint.a
/usr/local/lib/liblldbCommands.a
/usr/local/lib/liblldbCore.a
/usr/local/lib/liblldbExpression.a
/usr/local/lib/liblldbHostCommon.a
/usr/local/lib/liblldbHostLinux.a
/usr/local/lib/liblldbInitAndLog.a
/usr/local/lib/liblldbInterpreter.a
/usr/local/lib/liblldbPluginABIMacOSX_arm.a
/usr/local/lib/liblldbPluginABIMacOSX_i386.a
/usr/local/lib/liblldbPluginABISysV_x86_64.a
/usr/local/lib/liblldbPluginDisassemblerLLVM.a
/usr/local/lib/liblldbPluginDynamicLoaderPOSIX.a
/usr/local/lib/liblldbPluginDynamicLoaderStatic.a
/usr/local/lib/liblldbPluginEmulateInstructionARM.a
/usr/local/lib/liblldbPluginLanguageRuntimeCPlusPlusItaniumABI.a
/usr/local/lib/liblldbPluginLanguageRuntimeObjCAppleObjCRuntime.a
/usr/local/lib/liblldbPluginObjectContainerBSDArchive.a
/usr/local/lib/liblldbPluginObjectFileELF.a
/usr/local/lib/liblldbPluginObjectFilePECOFF.a
/usr/local/lib/liblldbPluginPlatformFreeBSD.a
/usr/local/lib/liblldbPluginPlatformGDBServer.a
/usr/local/lib/liblldbPluginPlatformLinux.a
/usr/local/lib/liblldbPluginPlatformMacOSX.a
/usr/local/lib/liblldbPluginProcessGDBRemote.a
/usr/local/lib/liblldbPluginProcessLinux.a
/usr/local/lib/liblldbPluginProcessPOSIX.a
/usr/local/lib/liblldbPluginSymbolFileDWARF.a
/usr/local/lib/liblldbPluginSymbolFileSymtab.a
/usr/local/lib/liblldbPluginUnwindAssemblyInstEmulation.a
/usr/local/lib/liblldbPluginUnwindAssemblyx86.a
/usr/local/lib/liblldbPluginUtility.a
/usr/local/lib/liblldb.so
/usr/local/lib/liblldbSymbol.a
/usr/local/lib/liblldbTarget.a
/usr/local/lib/liblldbUtility.a
/usr/local/lib/libLLVM-3.1svn.so
/usr/local/lib/libLLVMAnalysis.a
/usr/local/lib/libLLVMArchive.a
/usr/local/lib/libLLVMARMAsmParser.a
/usr/local/lib/libLLVMARMAsmPrinter.a
/usr/local/lib/libLLVMARMCodeGen.a
/usr/local/lib/libLLVMARMDesc.a
/usr/local/lib/libLLVMARMDisassembler.a
/usr/local/lib/libLLVMARMInfo.a
/usr/local/lib/libLLVMAsmParser.a
/usr/local/lib/libLLVMAsmPrinter.a
/usr/local/lib/libLLVMBitReader.a
/usr/local/lib/libLLVMBitWriter.a
/usr/local/lib/libLLVMCBackendCodeGen.a
/usr/local/lib/libLLVMCBackendInfo.a
/usr/local/lib/libLLVMCellSPUCodeGen.a
/usr/local/lib/libLLVMCellSPUDesc.a
/usr/local/lib/libLLVMCellSPUInfo.a
/usr/local/lib/libLLVMCodeGen.a
/usr/local/lib/libLLVMCore.a
/usr/local/lib/libLLVMCppBackendCodeGen.a
/usr/local/lib/libLLVMCppBackendInfo.a
/usr/local/lib/libLLVMDebugInfo.a
/usr/local/lib/libLLVMExecutionEngine.a
/usr/local/lib/libLLVMHexagonCodeGen.a
/usr/local/lib/libLLVMHexagonDesc.a
/usr/local/lib/libLLVMHexagonInfo.a
/usr/local/lib/libLLVMInstCombine.a
/usr/local/lib/libLLVMInstrumentation.a
/usr/local/lib/libLLVMInterpreter.a
/usr/local/lib/libLLVMipa.a
/usr/local/lib/libLLVMipo.a
/usr/local/lib/libLLVMJIT.a
/usr/local/lib/libLLVMLinker.a
/usr/local/lib/libLLVMMBlazeAsmParser.a
/usr/local/lib/libLLVMMBlazeAsmPrinter.a
/usr/local/lib/libLLVMMBlazeCodeGen.a
/usr/local/lib/libLLVMMBlazeDesc.a
/usr/local/lib/libLLVMMBlazeDisassembler.a
/usr/local/lib/libLLVMMBlazeInfo.a
/usr/local/lib/libLLVMMC.a
/usr/local/lib/libLLVMMCDisassembler.a
/usr/local/lib/libLLVMMCJIT.a
/usr/local/lib/libLLVMMCParser.a
/usr/local/lib/libLLVMMipsAsmParser.a
/usr/local/lib/libLLVMMipsAsmPrinter.a
/usr/local/lib/libLLVMMipsCodeGen.a
/usr/local/lib/libLLVMMipsDesc.a
/usr/local/lib/libLLVMMipsInfo.a
/usr/local/lib/libLLVMMSP430AsmPrinter.a
/usr/local/lib/libLLVMMSP430CodeGen.a
/usr/local/lib/libLLVMMSP430Desc.a
/usr/local/lib/libLLVMMSP430Info.a
/usr/local/lib/libLLVMObject.a
/usr/local/lib/libLLVMPowerPCAsmPrinter.a
/usr/local/lib/libLLVMPowerPCCodeGen.a
/usr/local/lib/libLLVMPowerPCDesc.a
/usr/local/lib/libLLVMPowerPCInfo.a
/usr/local/lib/libLLVMPTXAsmPrinter.a
/usr/local/lib/libLLVMPTXCodeGen.a
/usr/local/lib/libLLVMPTXDesc.a
/usr/local/lib/libLLVMPTXInfo.a
/usr/local/lib/libLLVMRuntimeDyld.a
/usr/local/lib/libLLVMScalarOpts.a
/usr/local/lib/libLLVMSelectionDAG.a
/usr/local/lib/libLLVMSparcCodeGen.a
/usr/local/lib/libLLVMSparcDesc.a
/usr/local/lib/libLLVMSparcInfo.a
/usr/local/lib/libLLVMSupport.a
/usr/local/lib/libLLVMTableGen.a
/usr/local/lib/libLLVMTarget.a
/usr/local/lib/libLLVMTransformUtils.a
/usr/local/lib/libLLVMVectorize.a
/usr/local/lib/libLLVMX86AsmParser.a
/usr/local/lib/libLLVMX86AsmPrinter.a
/usr/local/lib/libLLVMX86CodeGen.a
/usr/local/lib/libLLVMX86Desc.a
/usr/local/lib/libLLVMX86Disassembler.a
/usr/local/lib/libLLVMX86Info.a
/usr/local/lib/libLLVMX86Utils.a
/usr/local/lib/libLLVMXCoreCodeGen.a
/usr/local/lib/libLLVMXCoreDesc.a
/usr/local/lib/libLLVMXCoreInfo.a
/usr/local/lib/libLTO.a
/usr/local/lib/libLTO.so
/usr/local/lib/libprofile_rt.a
/usr/local/lib/libprofile_rt.so
/usr/local/lib/LLVMHello.so
