/usr/local/lib/BugpointPasses.so
/usr/local/lib/libclangAnalysis.so
/usr/local/lib/libclangARCMigrate.so
/usr/local/lib/libclangAST.so
/usr/local/lib/libclangBasic.so
/usr/local/lib/libclangCodeGen.so
/usr/local/lib/libclangDriver.so
/usr/local/lib/libclangEdit.so
/usr/local/lib/libclangFrontend.so
/usr/local/lib/libclangFrontendTool.so
/usr/local/lib/libclangIndex.so
/usr/local/lib/libclangLex.so
/usr/local/lib/libclangParse.so
/usr/local/lib/libclangRewrite.so
/usr/local/lib/libclangSema.so
/usr/local/lib/libclangSerialization.so
/usr/local/lib/libclang.so
/usr/local/lib/libclangStaticAnalyzerCheckers.so
/usr/local/lib/libclangStaticAnalyzerCore.so
/usr/local/lib/libclangStaticAnalyzerFrontend.so
/usr/local/lib/liblldbAPI.so
/usr/local/lib/liblldbBreakpoint.so
/usr/local/lib/liblldbCommands.so
/usr/local/lib/liblldbCore.so
/usr/local/lib/liblldbExpression.so
/usr/local/lib/liblldbHostCommon.so
/usr/local/lib/liblldbHostLinux.so
/usr/local/lib/liblldbInitAndLog.so
/usr/local/lib/liblldbInterpreter.so
/usr/local/lib/liblldbPluginABIMacOSX_arm.so
/usr/local/lib/liblldbPluginABIMacOSX_i386.so
/usr/local/lib/liblldbPluginABISysV_x86_64.so
/usr/local/lib/liblldbPluginDisassemblerLLVM.so
/usr/local/lib/liblldbPluginDynamicLoaderPOSIX.so
/usr/local/lib/liblldbPluginDynamicLoaderStatic.so
/usr/local/lib/liblldbPluginEmulateInstructionARM.so
/usr/local/lib/liblldbPluginLanguageRuntimeCPlusPlusItaniumABI.so
/usr/local/lib/liblldbPluginLanguageRuntimeObjCAppleObjCRuntime.so
/usr/local/lib/liblldbPluginObjectContainerBSDArchive.so
/usr/local/lib/liblldbPluginObjectFileELF.so
/usr/local/lib/liblldbPluginObjectFilePECOFF.so
/usr/local/lib/liblldbPluginPlatformFreeBSD.so
/usr/local/lib/liblldbPluginPlatformGDBServer.so
/usr/local/lib/liblldbPluginPlatformLinux.so
/usr/local/lib/liblldbPluginPlatformMacOSX.so
/usr/local/lib/liblldbPluginProcessGDBRemote.so
/usr/local/lib/liblldbPluginProcessLinux.so
/usr/local/lib/liblldbPluginProcessPOSIX.so
/usr/local/lib/liblldbPluginSymbolFileDWARF.so
/usr/local/lib/liblldbPluginSymbolFileSymtab.so
/usr/local/lib/liblldbPluginUnwindAssemblyInstEmulation.so
/usr/local/lib/liblldbPluginUnwindAssemblyx86.so
/usr/local/lib/liblldbPluginUtility.so
/usr/local/lib/liblldb.so
/usr/local/lib/liblldbSymbol.so
/usr/local/lib/liblldbTarget.so
/usr/local/lib/liblldbUtility.so
/usr/local/lib/libLLVM-3.1svn.so
/usr/local/lib/libLLVMAnalysis.so
/usr/local/lib/libLLVMArchive.so
/usr/local/lib/libLLVMARMAsmParser.so
/usr/local/lib/libLLVMARMAsmPrinter.so
/usr/local/lib/libLLVMARMCodeGen.so
/usr/local/lib/libLLVMARMDesc.so
/usr/local/lib/libLLVMARMDisassembler.so
/usr/local/lib/libLLVMARMInfo.so
/usr/local/lib/libLLVMAsmParser.so
/usr/local/lib/libLLVMAsmPrinter.so
/usr/local/lib/libLLVMBitReader.so
/usr/local/lib/libLLVMBitWriter.so
/usr/local/lib/libLLVMCBackendCodeGen.so
/usr/local/lib/libLLVMCBackendInfo.so
/usr/local/lib/libLLVMCellSPUCodeGen.so
/usr/local/lib/libLLVMCellSPUDesc.so
/usr/local/lib/libLLVMCellSPUInfo.so
/usr/local/lib/libLLVMCodeGen.so
/usr/local/lib/libLLVMCore.so
/usr/local/lib/libLLVMCppBackendCodeGen.so
/usr/local/lib/libLLVMCppBackendInfo.so
/usr/local/lib/libLLVMDebugInfo.so
/usr/local/lib/libLLVMExecutionEngine.so
/usr/local/lib/libLLVMHexagonCodeGen.so
/usr/local/lib/libLLVMHexagonDesc.so
/usr/local/lib/libLLVMHexagonInfo.so
/usr/local/lib/libLLVMInstCombine.so
/usr/local/lib/libLLVMInstrumentation.so
/usr/local/lib/libLLVMInterpreter.so
/usr/local/lib/libLLVMipa.so
/usr/local/lib/libLLVMipo.so
/usr/local/lib/libLLVMJIT.so
/usr/local/lib/libLLVMLinker.so
/usr/local/lib/libLLVMMBlazeAsmParser.so
/usr/local/lib/libLLVMMBlazeAsmPrinter.so
/usr/local/lib/libLLVMMBlazeCodeGen.so
/usr/local/lib/libLLVMMBlazeDesc.so
/usr/local/lib/libLLVMMBlazeDisassembler.so
/usr/local/lib/libLLVMMBlazeInfo.so
/usr/local/lib/libLLVMMCDisassembler.so
/usr/local/lib/libLLVMMCJIT.so
/usr/local/lib/libLLVMMCParser.so
/usr/local/lib/libLLVMMC.so
/usr/local/lib/libLLVMMipsAsmParser.so
/usr/local/lib/libLLVMMipsAsmPrinter.so
/usr/local/lib/libLLVMMipsCodeGen.so
/usr/local/lib/libLLVMMipsDesc.so
/usr/local/lib/libLLVMMipsInfo.so
/usr/local/lib/libLLVMMSP430AsmPrinter.so
/usr/local/lib/libLLVMMSP430CodeGen.so
/usr/local/lib/libLLVMMSP430Desc.so
/usr/local/lib/libLLVMMSP430Info.so
/usr/local/lib/libLLVMObject.so
/usr/local/lib/libLLVMPowerPCAsmPrinter.so
/usr/local/lib/libLLVMPowerPCCodeGen.so
/usr/local/lib/libLLVMPowerPCDesc.so
/usr/local/lib/libLLVMPowerPCInfo.so
/usr/local/lib/libLLVMPTXAsmPrinter.so
/usr/local/lib/libLLVMPTXCodeGen.so
/usr/local/lib/libLLVMPTXDesc.so
/usr/local/lib/libLLVMPTXInfo.so
/usr/local/lib/libLLVMRuntimeDyld.so
/usr/local/lib/libLLVMScalarOpts.so
/usr/local/lib/libLLVMSelectionDAG.so
/usr/local/lib/libLLVMSparcCodeGen.so
/usr/local/lib/libLLVMSparcDesc.so
/usr/local/lib/libLLVMSparcInfo.so
/usr/local/lib/libLLVMSupport.so
/usr/local/lib/libLLVMTableGen.so
/usr/local/lib/libLLVMTarget.so
/usr/local/lib/libLLVMTransformUtils.so
/usr/local/lib/libLLVMVectorize.so
/usr/local/lib/libLLVMX86AsmParser.so
/usr/local/lib/libLLVMX86AsmPrinter.so
/usr/local/lib/libLLVMX86CodeGen.so
/usr/local/lib/libLLVMX86Desc.so
/usr/local/lib/libLLVMX86Disassembler.so
/usr/local/lib/libLLVMX86Info.so
/usr/local/lib/libLLVMX86Utils.so
/usr/local/lib/libLLVMXCoreCodeGen.so
/usr/local/lib/libLLVMXCoreDesc.so
/usr/local/lib/libLLVMXCoreInfo.so
/usr/local/lib/libLTO.so
/usr/local/lib/libprofile_rt.so
/usr/local/lib/LLVMHello.so
